// Jest Snapshot v1, https://goo.gl/fbAQLP


exports[`components/properties/link returns Link correctly 1`] = `
<div>
  <div
    class="URLProperty property-link url"
  >
    <input
      class="Editable octo-propertyvalue"
      placeholder="Empty"
      title="https://github.com/mattermost/focalboard"
      value="https://github.com/mattermost/focalboard"
    />
    <a
      href="https://github.com/mattermost/focalboard"
      rel="noreferrer"
      target="_blank"
    >
      <i
        class="CompassIcon icon-link-variant LinkIcon"
      />
    </a>
  </div>
</div>
`;
