// Jest Snapshot v1, https://goo.gl/fbAQLP

exports[`components/properties/lastModifiedBy should match snapshot 1`] = `
<div>
  <div>
    <div
      class="UserProperty octo-propertyvalue readonly"
    />
  </div>
</div>
`;
